// Jest Snapshot v1, https://goo.gl/fbAQLP

exports[`renders correctly 1`] = `
<View
  style={
    Object {
      "alignItems": "center",
      "backgroundColor": "#F5FCFF",
      "flex": 1,
      "justifyContent": "center",
    }
  }
>
  <Text
    style={
      Object {
        "fontSize": 20,
        "margin": 10,
        "textAlign": "center",
      }
    }
  >
    Welcome!
  </Text>
  <View>
    <Text
      style={
        Object {
          "color": "#333333",
          "marginBottom": 5,
          "textAlign": "center",
        }
      }
    >
      You are on iOS.

For the source code of this app, please visit

      <Text
        onPress={[Function]}
        style={
          Array [
            Object {
              "color": "#333333",
              "marginBottom": 5,
              "textAlign": "center",
            },
            Object {
              "color": "#2980b9",
            },
          ]
        }
      >
        https://github.com/letientai299/rn-hello-world
      </Text>
      
    </Text>
  </View>
</View>
`;
